INITIALIZING_MODELS

MODEL_INIT_OK

SAMPLE_START 1/3 -s9qJ7ATP7w$_$0

DECODE_AUDIO_16K

FORCED_ALIGNMENT

ROBERTA_WORD_FEATURES

OPENSMILE_EGEMAPS_LLD

MEDIAPIPE_VIDEO_BLENDSHAPES

SAMPLE_RESULT -s9qJ7ATP7w$_$0 status=SAMPLE FAIL words=24 aligned=23 audio_valid=23 vision_valid=23

SAMPLE_START 2/3 -mJ2ud6oKI8$_$6

DECODE_AUDIO_16K

FORCED_ALIGNMENT

ROBERTA_WORD_FEATURES

OPENSMILE_EGEMAPS_LLD

MEDIAPIPE_VIDEO_BLENDSHAPES

SAMPLE_FAIL -mJ2ud6oKI8$_$6: ValueError: Input timestamp must be monotonically increasing.

SAMPLE_START 3/3 -s9qJ7ATP7w$_$6

DECODE_AUDIO_16K

FORCED_ALIGNMENT

ROBERTA_WORD_FEATURES

OPENSMILE_EGEMAPS_LLD

MEDIAPIPE_VIDEO_BLENDSHAPES

SAMPLE_FAIL -s9qJ7ATP7w$_$6: ValueError: Input timestamp must be monotonically increasing.

PILOT_FINAL_STATUS REVIEW GATE
