01 0.9999999999987949 6.192308181639281e-07 22 / 22
02 0.99999999999898 6.054347626591232e-07 19 / 19
03 0.9999999999988033 6.651098213508088e-07 33 / 33
04 0.9999999999986474 6.698356950588883e-07 26 / 26
05 0.9999999999987236 6.905606723093013e-07 15 / 15
06 0.9999999999989396 6.139482106196478e-07 35 / 35
07 0.9999999999986532 6.442594898064474e-07 48 / 48
08 0.9999999999986598 7.110104020698187e-07 11 / 11
09 0.9999999999987589 6.794639712434556e-07 18 / 18
10 0.9999999999988588 6.673034982264249e-07 30 / 30
11 0.9999999999990801 5.605659225693671e-07 14 / 14
12 0.9999999999988438 6.404978858116674e-07 42 / 42
13 0.9999999999987247 6.797366192283031e-07 30 / 30
14 0.9999999999990405 5.880205771106938e-07 35 / 35
15 0.9999999999988105 5.904111229404132e-07 21 / 21
16 0.9999999999986108 7.07693095936327e-07 11 / 11
17 0.9999999999989213 6.017294553986277e-07 24 / 24
18 0.9999999999985967 6.814052076167501e-07 48 / 48
19 0.9999999999987629 6.752306419982162e-07 39 / 39
20 0.9999999999987541 6.283312958580362e-07 43 / 43
